Archive member included to satisfy reference by file (symbol)

i:/software_install/siliconlabs/simplicitystudio/v5/developer/toolchains/gnu_arm/10.2_2020q4/bin/../lib/gcc/arm-none-eabi/10.2.1/../../../../arm-none-eabi/lib/thumb/v7e-m+fp/softfp\libc_nano.a(lib_a-exit.o)
                              i:/software_install/siliconlabs/simplicitystudio/v5/developer/toolchains/gnu_arm/10.2_2020q4/bin/../lib/gcc/arm-none-eabi/10.2.1/../../../../arm-none-eabi/lib/thumb/v7e-m+fp/softfp/crt0.o (exit)
i:/software_install/siliconlabs/simplicitystudio/v5/developer/toolchains/gnu_arm/10.2_2020q4/bin/../lib/gcc/arm-none-eabi/10.2.1/../../../../arm-none-eabi/lib/thumb/v7e-m+fp/softfp\libc_nano.a(lib_a-impure.o)
                              i:/software_install/siliconlabs/simplicitystudio/v5/developer/toolchains/gnu_arm/10.2_2020q4/bin/../lib/gcc/arm-none-eabi/10.2.1/../../../../arm-none-eabi/lib/thumb/v7e-m+fp/softfp\libc_nano.a(lib_a-exit.o) (_global_impure_ptr)
i:/software_install/siliconlabs/simplicitystudio/v5/developer/toolchains/gnu_arm/10.2_2020q4/bin/../lib/gcc/arm-none-eabi/10.2.1/../../../../arm-none-eabi/lib/thumb/v7e-m+fp/softfp\libc_nano.a(lib_a-init.o)
                              i:/software_install/siliconlabs/simplicitystudio/v5/developer/toolchains/gnu_arm/10.2_2020q4/bin/../lib/gcc/arm-none-eabi/10.2.1/../../../../arm-none-eabi/lib/thumb/v7e-m+fp/softfp/crt0.o (__libc_init_array)
i:/software_install/siliconlabs/simplicitystudio/v5/developer/toolchains/gnu_arm/10.2_2020q4/bin/../lib/gcc/arm-none-eabi/10.2.1/../../../../arm-none-eabi/lib/thumb/v7e-m+fp/softfp\libc_nano.a(lib_a-memset.o)
                              i:/software_install/siliconlabs/simplicitystudio/v5/developer/toolchains/gnu_arm/10.2_2020q4/bin/../lib/gcc/arm-none-eabi/10.2.1/../../../../arm-none-eabi/lib/thumb/v7e-m+fp/softfp/crt0.o (memset)
i:/software_install/siliconlabs/simplicitystudio/v5/developer/toolchains/gnu_arm/10.2_2020q4/bin/../lib/gcc/arm-none-eabi/10.2.1/../../../../arm-none-eabi/lib/thumb/v7e-m+fp/softfp\libnosys.a(_exit.o)
                              i:/software_install/siliconlabs/simplicitystudio/v5/developer/toolchains/gnu_arm/10.2_2020q4/bin/../lib/gcc/arm-none-eabi/10.2.1/../../../../arm-none-eabi/lib/thumb/v7e-m+fp/softfp\libc_nano.a(lib_a-exit.o) (_exit)

Discarded input sections

 .text          0x00000000        0x0 i:/software_install/siliconlabs/simplicitystudio/v5/developer/toolchains/gnu_arm/10.2_2020q4/bin/../lib/gcc/arm-none-eabi/10.2.1/thumb/v7e-m+fp/softfp/crti.o
 .data          0x00000000        0x0 i:/software_install/siliconlabs/simplicitystudio/v5/developer/toolchains/gnu_arm/10.2_2020q4/bin/../lib/gcc/arm-none-eabi/10.2.1/thumb/v7e-m+fp/softfp/crti.o
 .bss           0x00000000        0x0 i:/software_install/siliconlabs/simplicitystudio/v5/developer/toolchains/gnu_arm/10.2_2020q4/bin/../lib/gcc/arm-none-eabi/10.2.1/thumb/v7e-m+fp/softfp/crti.o
 .data          0x00000000        0x4 i:/software_install/siliconlabs/simplicitystudio/v5/developer/toolchains/gnu_arm/10.2_2020q4/bin/../lib/gcc/arm-none-eabi/10.2.1/thumb/v7e-m+fp/softfp/crtbegin.o
 .rodata        0x00000000       0x24 i:/software_install/siliconlabs/simplicitystudio/v5/developer/toolchains/gnu_arm/10.2_2020q4/bin/../lib/gcc/arm-none-eabi/10.2.1/thumb/v7e-m+fp/softfp/crtbegin.o
 .data          0x00000000        0x0 i:/software_install/siliconlabs/simplicitystudio/v5/developer/toolchains/gnu_arm/10.2_2020q4/bin/../lib/gcc/arm-none-eabi/10.2.1/../../../../arm-none-eabi/lib/thumb/v7e-m+fp/softfp/crt0.o
 .bss           0x00000000        0x0 i:/software_install/siliconlabs/simplicitystudio/v5/developer/toolchains/gnu_arm/10.2_2020q4/bin/../lib/gcc/arm-none-eabi/10.2.1/../../../../arm-none-eabi/lib/thumb/v7e-m+fp/softfp/crt0.o
 .ARM.extab     0x00000000        0x0 i:/software_install/siliconlabs/simplicitystudio/v5/developer/toolchains/gnu_arm/10.2_2020q4/bin/../lib/gcc/arm-none-eabi/10.2.1/../../../../arm-none-eabi/lib/thumb/v7e-m+fp/softfp/crt0.o
 .data          0x00000000        0x0 ./CMSIS/EFR32BG13P/startup_efr32bg13p.o
 .bss           0x00000000        0x0 ./CMSIS/EFR32BG13P/startup_efr32bg13p.o
 .text          0x00000000        0x0 ./CMSIS/EFR32BG13P/system_efr32bg13p.o
 .data          0x00000000        0x0 ./CMSIS/EFR32BG13P/system_efr32bg13p.o
 .bss           0x00000000        0x0 ./CMSIS/EFR32BG13P/system_efr32bg13p.o
 .data.SystemCoreClock
                0x00000000        0x4 ./CMSIS/EFR32BG13P/system_efr32bg13p.o
 .text.SystemCoreClockGet
                0x00000000       0x40 ./CMSIS/EFR32BG13P/system_efr32bg13p.o
 .text.SystemMaxCoreClockGet
                0x00000000       0x14 ./CMSIS/EFR32BG13P/system_efr32bg13p.o
 .text.SystemHFXOClockSet
                0x00000000       0x30 ./CMSIS/EFR32BG13P/system_efr32bg13p.o
 .text.SystemLFXOClockSet
                0x00000000       0x30 ./CMSIS/EFR32BG13P/system_efr32bg13p.o
 .text          0x00000000        0x0 ./emlib/em_adc.o
 .data          0x00000000        0x0 ./emlib/em_adc.o
 .bss           0x00000000        0x0 ./emlib/em_adc.o
 .text.ADC_ScanInputClear
                0x00000000       0x2a ./emlib/em_adc.o
 .text.ADC_ScanSingleEndedInputAdd
                0x00000000       0x9e ./emlib/em_adc.o
 .text.ADC_ScanDifferentialInputAdd
                0x00000000      0x184 ./emlib/em_adc.o
 .text.ADC_InitScan
                0x00000000      0x11a ./emlib/em_adc.o
 .text.ADC_DataIdScanGet
                0x00000000       0x2c ./emlib/em_adc.o
 .text.ADC_Reset
                0x00000000       0x98 ./emlib/em_adc.o
 .text          0x00000000        0x0 ./emlib/em_cmu.o
 .data          0x00000000        0x0 ./emlib/em_cmu.o
 .bss           0x00000000        0x0 ./emlib/em_cmu.o
 .text.BUS_RegBitRead
                0x00000000       0x2e ./emlib/em_cmu.o
 .text.CMU_DivToLog2
                0x00000000       0x32 ./emlib/em_cmu.o
 .text.CMU_PrescToLog2
                0x00000000       0x28 ./emlib/em_cmu.o
 .text.EMU_LDOStatusGet
                0x00000000       0x24 ./emlib/em_cmu.o
 .text.EMU_VScaleWait
                0x00000000       0x30 ./emlib/em_cmu.o
 .text.EMU_VScaleGet
                0x00000000       0x1c ./emlib/em_cmu.o
 .rodata.hfrcoCtrlTable
                0x00000000      0x150 ./emlib/em_cmu.o
 .rodata.flashWsTable
                0x00000000       0x28 ./emlib/em_cmu.o
 .data.lfxo_precision
                0x00000000        0x2 ./emlib/em_cmu.o
 .text.setHfLeConfig
                0x00000000       0x64 ./emlib/em_cmu.o
 .text.flashWaitStateControl
                0x00000000       0x8c ./emlib/em_cmu.o
 .text.flashWaitStateMax
                0x00000000       0x44 ./emlib/em_cmu.o
 .text.deviceHasPlfrco
                0x00000000       0x2e ./emlib/em_cmu.o
 .text.CMU_UpdateWaitStates
                0x00000000       0x40 ./emlib/em_cmu.o
 .text.getRegIshUpperVal
                0x00000000       0x36 ./emlib/em_cmu.o
 .text.getHfxoTuningMode
                0x00000000       0x1c ./emlib/em_cmu.o
 .text.setHfxoTuningMode
                0x00000000       0x2c ./emlib/em_cmu.o
 .text.hfperClkSafePrescaler
                0x00000000        0xe ./emlib/em_cmu.o
 .text.hfperClkOptimizedPrescaler
                0x00000000        0xe ./emlib/em_cmu.o
 .text.CMU_AUXHFRCODevinfoGet
                0x00000000      0x114 ./emlib/em_cmu.o
 .text.CMU_AUXHFRCOBandGet
                0x00000000       0x18 ./emlib/em_cmu.o
 .text.CMU_AUXHFRCOBandSet
                0x00000000       0xa4 ./emlib/em_cmu.o
 .text.CMU_Calibrate
                0x00000000       0x9c ./emlib/em_cmu.o
 .text.CMU_CalibrateConfig
                0x00000000      0x104 ./emlib/em_cmu.o
 .text.CMU_CalibrateCountGet
                0x00000000       0x38 ./emlib/em_cmu.o
 .text.CMU_ClockDivSet
                0x00000000       0x1e ./emlib/em_cmu.o
 .text.CMU_ClockPrescSet
                0x00000000      0x26c ./emlib/em_cmu.o
 .text.CMU_ClockSelectSet
                0x00000000      0x308 ./emlib/em_cmu.o
 .text.CMU_LF_ClockPrecisionGet
                0x00000000       0x44 ./emlib/em_cmu.o
 .text.CMU_DPLLLock
                0x00000000      0x1ec ./emlib/em_cmu.o
 .text.CMU_FreezeEnable
                0x00000000       0x40 ./emlib/em_cmu.o
 .text.CMU_HFRCODevinfoGet
                0x00000000      0x114 ./emlib/em_cmu.o
 .text.CMU_HFRCOBandGet
                0x00000000       0x18 ./emlib/em_cmu.o
 .text.CMU_HFRCOBandSet
                0x00000000      0x12c ./emlib/em_cmu.o
 .text.CMU_HFXOAutostartEnable
                0x00000000       0xc0 ./emlib/em_cmu.o
 .text.CMU_HFXOInit
                0x00000000       0xe4 ./emlib/em_cmu.o
 .text.CMU_LCDClkFDIVGet
                0x00000000       0x10 ./emlib/em_cmu.o
 .text.CMU_LCDClkFDIVSet
                0x00000000       0x14 ./emlib/em_cmu.o
 .text.CMU_LFXOInit
                0x00000000       0x60 ./emlib/em_cmu.o
 .text.CMU_LFXOPrecisionSet
                0x00000000       0x20 ./emlib/em_cmu.o
 .text.CMU_OscillatorEnable
                0x00000000      0x1d4 ./emlib/em_cmu.o
 .text.CMU_OscillatorTuningGet
                0x00000000       0x74 ./emlib/em_cmu.o
 .text.CMU_OscillatorTuningSet
                0x00000000      0x100 ./emlib/em_cmu.o
 .text.CMU_OscillatorTuningWait
                0x00000000       0x98 ./emlib/em_cmu.o
 .text.CMU_OscillatorTuningOptimize
                0x00000000       0x58 ./emlib/em_cmu.o
 .text.CMU_PCNTClockExternalGet
                0x00000000       0x40 ./emlib/em_cmu.o
 .text.CMU_PCNTClockExternalSet
                0x00000000       0x38 ./emlib/em_cmu.o
 .text          0x00000000        0x0 ./emlib/em_core.o
 .data          0x00000000        0x0 ./emlib/em_core.o
 .bss           0x00000000        0x0 ./emlib/em_core.o
 .text.__NVIC_GetPriority
                0x00000000       0x50 ./emlib/em_core.o
 .text.CORE_CriticalDisableIrq
                0x00000000       0x12 ./emlib/em_core.o
 .text.CORE_CriticalEnableIrq
                0x00000000       0x12 ./emlib/em_core.o
 .text.CORE_YieldCritical
                0x00000000       0x30 ./emlib/em_core.o
 .text.CORE_AtomicDisableIrq
                0x00000000       0x12 ./emlib/em_core.o
 .text.CORE_AtomicEnableIrq
                0x00000000       0x12 ./emlib/em_core.o
 .text.CORE_EnterAtomic
                0x00000000       0x22 ./emlib/em_core.o
 .text.CORE_ExitAtomic
                0x00000000       0x1e ./emlib/em_core.o
 .text.CORE_YieldAtomic
                0x00000000       0x30 ./emlib/em_core.o
 .text.CORE_EnterNvicMask
                0x00000000       0x3c ./emlib/em_core.o
 .text.CORE_NvicDisableMask
                0x00000000       0x2c ./emlib/em_core.o
 .text.CORE_NvicEnableMask
                0x00000000       0x2c ./emlib/em_core.o
 .text.CORE_YieldNvicMask
                0x00000000       0x8c ./emlib/em_core.o
 .text.CORE_NvicMaskSetIRQ
                0x00000000       0x4e ./emlib/em_core.o
 .text.CORE_NvicMaskClearIRQ
                0x00000000       0x50 ./emlib/em_core.o
 .text.CORE_InIrqContext
                0x00000000       0x24 ./emlib/em_core.o
 .text.CORE_IrqIsBlocked
                0x00000000       0xa8 ./emlib/em_core.o
 .text.CORE_IrqIsDisabled
                0x00000000       0x28 ./emlib/em_core.o
 .text.CORE_GetNvicEnabledMask
                0x00000000       0x2c ./emlib/em_core.o
 .text.CORE_GetNvicMaskDisableState
                0x00000000       0x54 ./emlib/em_core.o
 .text.CORE_NvicIRQDisabled
                0x00000000       0x54 ./emlib/em_core.o
 .text.CORE_GetNvicRamTableHandler
                0x00000000       0x3c ./emlib/em_core.o
 .text.CORE_SetNvicRamTableHandler
                0x00000000       0x44 ./emlib/em_core.o
 .text.CORE_InitNvicVectorTable
                0x00000000       0xc8 ./emlib/em_core.o
 .text          0x00000000        0x0 ./emlib/em_system.o
 .data          0x00000000        0x0 ./emlib/em_system.o
 .bss           0x00000000        0x0 ./emlib/em_system.o
 .text.SYSTEM_GetCalibrationValue
                0x00000000       0x58 ./emlib/em_system.o
 .text.SYSTEM_GetSecurityCapability
                0x00000000       0x18 ./emlib/em_system.o
 .text          0x00000000        0x0 ./src/main_s1.o
 .data          0x00000000        0x0 ./src/main_s1.o
 .bss           0x00000000        0x0 ./src/main_s1.o
 .text          0x00000000        0x0 i:/software_install/siliconlabs/simplicitystudio/v5/developer/toolchains/gnu_arm/10.2_2020q4/bin/../lib/gcc/arm-none-eabi/10.2.1/../../../../arm-none-eabi/lib/thumb/v7e-m+fp/softfp\libc_nano.a(lib_a-exit.o)
 .data          0x00000000        0x0 i:/software_install/siliconlabs/simplicitystudio/v5/developer/toolchains/gnu_arm/10.2_2020q4/bin/../lib/gcc/arm-none-eabi/10.2.1/../../../../arm-none-eabi/lib/thumb/v7e-m+fp/softfp\libc_nano.a(lib_a-exit.o)
 .bss           0x00000000        0x0 i:/software_install/siliconlabs/simplicitystudio/v5/developer/toolchains/gnu_arm/10.2_2020q4/bin/../lib/gcc/arm-none-eabi/10.2.1/../../../../arm-none-eabi/lib/thumb/v7e-m+fp/softfp\libc_nano.a(lib_a-exit.o)
 .text          0x00000000        0x0 i:/software_install/siliconlabs/simplicitystudio/v5/developer/toolchains/gnu_arm/10.2_2020q4/bin/../lib/gcc/arm-none-eabi/10.2.1/../../../../arm-none-eabi/lib/thumb/v7e-m+fp/softfp\libc_nano.a(lib_a-impure.o)
 .data          0x00000000        0x0 i:/software_install/siliconlabs/simplicitystudio/v5/developer/toolchains/gnu_arm/10.2_2020q4/bin/../lib/gcc/arm-none-eabi/10.2.1/../../../../arm-none-eabi/lib/thumb/v7e-m+fp/softfp\libc_nano.a(lib_a-impure.o)
 .bss           0x00000000        0x0 i:/software_install/siliconlabs/simplicitystudio/v5/developer/toolchains/gnu_arm/10.2_2020q4/bin/../lib/gcc/arm-none-eabi/10.2.1/../../../../arm-none-eabi/lib/thumb/v7e-m+fp/softfp\libc_nano.a(lib_a-impure.o)
 .data._impure_ptr
                0x00000000        0x4 i:/software_install/siliconlabs/simplicitystudio/v5/developer/toolchains/gnu_arm/10.2_2020q4/bin/../lib/gcc/arm-none-eabi/10.2.1/../../../../arm-none-eabi/lib/thumb/v7e-m+fp/softfp\libc_nano.a(lib_a-impure.o)
 .text          0x00000000        0x0 i:/software_install/siliconlabs/simplicitystudio/v5/developer/toolchains/gnu_arm/10.2_2020q4/bin/../lib/gcc/arm-none-eabi/10.2.1/../../../../arm-none-eabi/lib/thumb/v7e-m+fp/softfp\libc_nano.a(lib_a-init.o)
 .data          0x00000000        0x0 i:/software_install/siliconlabs/simplicitystudio/v5/developer/toolchains/gnu_arm/10.2_2020q4/bin/../lib/gcc/arm-none-eabi/10.2.1/../../../../arm-none-eabi/lib/thumb/v7e-m+fp/softfp\libc_nano.a(lib_a-init.o)
 .bss           0x00000000        0x0 i:/software_install/siliconlabs/simplicitystudio/v5/developer/toolchains/gnu_arm/10.2_2020q4/bin/../lib/gcc/arm-none-eabi/10.2.1/../../../../arm-none-eabi/lib/thumb/v7e-m+fp/softfp\libc_nano.a(lib_a-init.o)
 .text          0x00000000        0x0 i:/software_install/siliconlabs/simplicitystudio/v5/developer/toolchains/gnu_arm/10.2_2020q4/bin/../lib/gcc/arm-none-eabi/10.2.1/../../../../arm-none-eabi/lib/thumb/v7e-m+fp/softfp\libc_nano.a(lib_a-memset.o)
 .data          0x00000000        0x0 i:/software_install/siliconlabs/simplicitystudio/v5/developer/toolchains/gnu_arm/10.2_2020q4/bin/../lib/gcc/arm-none-eabi/10.2.1/../../../../arm-none-eabi/lib/thumb/v7e-m+fp/softfp\libc_nano.a(lib_a-memset.o)
 .bss           0x00000000        0x0 i:/software_install/siliconlabs/simplicitystudio/v5/developer/toolchains/gnu_arm/10.2_2020q4/bin/../lib/gcc/arm-none-eabi/10.2.1/../../../../arm-none-eabi/lib/thumb/v7e-m+fp/softfp\libc_nano.a(lib_a-memset.o)
 .text          0x00000000        0x0 i:/software_install/siliconlabs/simplicitystudio/v5/developer/toolchains/gnu_arm/10.2_2020q4/bin/../lib/gcc/arm-none-eabi/10.2.1/../../../../arm-none-eabi/lib/thumb/v7e-m+fp/softfp\libnosys.a(_exit.o)
 .data          0x00000000        0x0 i:/software_install/siliconlabs/simplicitystudio/v5/developer/toolchains/gnu_arm/10.2_2020q4/bin/../lib/gcc/arm-none-eabi/10.2.1/../../../../arm-none-eabi/lib/thumb/v7e-m+fp/softfp\libnosys.a(_exit.o)
 .bss           0x00000000        0x0 i:/software_install/siliconlabs/simplicitystudio/v5/developer/toolchains/gnu_arm/10.2_2020q4/bin/../lib/gcc/arm-none-eabi/10.2.1/../../../../arm-none-eabi/lib/thumb/v7e-m+fp/softfp\libnosys.a(_exit.o)
 .text          0x00000000        0x0 i:/software_install/siliconlabs/simplicitystudio/v5/developer/toolchains/gnu_arm/10.2_2020q4/bin/../lib/gcc/arm-none-eabi/10.2.1/thumb/v7e-m+fp/softfp/crtend.o
 .data          0x00000000        0x0 i:/software_install/siliconlabs/simplicitystudio/v5/developer/toolchains/gnu_arm/10.2_2020q4/bin/../lib/gcc/arm-none-eabi/10.2.1/thumb/v7e-m+fp/softfp/crtend.o
 .bss           0x00000000        0x0 i:/software_install/siliconlabs/simplicitystudio/v5/developer/toolchains/gnu_arm/10.2_2020q4/bin/../lib/gcc/arm-none-eabi/10.2.1/thumb/v7e-m+fp/softfp/crtend.o
 .rodata        0x00000000       0x24 i:/software_install/siliconlabs/simplicitystudio/v5/developer/toolchains/gnu_arm/10.2_2020q4/bin/../lib/gcc/arm-none-eabi/10.2.1/thumb/v7e-m+fp/softfp/crtend.o
 .text          0x00000000        0x0 i:/software_install/siliconlabs/simplicitystudio/v5/developer/toolchains/gnu_arm/10.2_2020q4/bin/../lib/gcc/arm-none-eabi/10.2.1/thumb/v7e-m+fp/softfp/crtn.o
 .data          0x00000000        0x0 i:/software_install/siliconlabs/simplicitystudio/v5/developer/toolchains/gnu_arm/10.2_2020q4/bin/../lib/gcc/arm-none-eabi/10.2.1/thumb/v7e-m+fp/softfp/crtn.o
 .bss           0x00000000        0x0 i:/software_install/siliconlabs/simplicitystudio/v5/developer/toolchains/gnu_arm/10.2_2020q4/bin/../lib/gcc/arm-none-eabi/10.2.1/thumb/v7e-m+fp/softfp/crtn.o

Memory Configuration

Name             Origin             Length             Attributes
FLASH            0x00000000         0x00080000         xr
RAM              0x20000000         0x00010000         xrw
*default*        0x00000000         0xffffffff

Linker script and memory map

LOAD i:/software_install/siliconlabs/simplicitystudio/v5/developer/toolchains/gnu_arm/10.2_2020q4/bin/../lib/gcc/arm-none-eabi/10.2.1/thumb/v7e-m+fp/softfp/crti.o
LOAD i:/software_install/siliconlabs/simplicitystudio/v5/developer/toolchains/gnu_arm/10.2_2020q4/bin/../lib/gcc/arm-none-eabi/10.2.1/thumb/v7e-m+fp/softfp/crtbegin.o
LOAD i:/software_install/siliconlabs/simplicitystudio/v5/developer/toolchains/gnu_arm/10.2_2020q4/bin/../lib/gcc/arm-none-eabi/10.2.1/../../../../arm-none-eabi/lib/thumb/v7e-m+fp/softfp/crt0.o
LOAD ./CMSIS/EFR32BG13P/startup_efr32bg13p.o
LOAD ./CMSIS/EFR32BG13P/system_efr32bg13p.o
LOAD ./emlib/em_adc.o
LOAD ./emlib/em_cmu.o
LOAD ./emlib/em_core.o
LOAD ./emlib/em_system.o
LOAD ./src/main_s1.o
START GROUP
LOAD i:/software_install/siliconlabs/simplicitystudio/v5/developer/toolchains/gnu_arm/10.2_2020q4/bin/../lib/gcc/arm-none-eabi/10.2.1/thumb/v7e-m+fp/softfp\libgcc.a
LOAD i:/software_install/siliconlabs/simplicitystudio/v5/developer/toolchains/gnu_arm/10.2_2020q4/bin/../lib/gcc/arm-none-eabi/10.2.1/../../../../arm-none-eabi/lib/thumb/v7e-m+fp/softfp\libc_nano.a
LOAD i:/software_install/siliconlabs/simplicitystudio/v5/developer/toolchains/gnu_arm/10.2_2020q4/bin/../lib/gcc/arm-none-eabi/10.2.1/../../../../arm-none-eabi/lib/thumb/v7e-m+fp/softfp\libnosys.a
END GROUP
START GROUP
LOAD i:/software_install/siliconlabs/simplicitystudio/v5/developer/toolchains/gnu_arm/10.2_2020q4/bin/../lib/gcc/arm-none-eabi/10.2.1/thumb/v7e-m+fp/softfp\libgcc.a
LOAD i:/software_install/siliconlabs/simplicitystudio/v5/developer/toolchains/gnu_arm/10.2_2020q4/bin/../lib/gcc/arm-none-eabi/10.2.1/../../../../arm-none-eabi/lib/thumb/v7e-m+fp/softfp\libg_nano.a
LOAD i:/software_install/siliconlabs/simplicitystudio/v5/developer/toolchains/gnu_arm/10.2_2020q4/bin/../lib/gcc/arm-none-eabi/10.2.1/../../../../arm-none-eabi/lib/thumb/v7e-m+fp/softfp\libc_nano.a
END GROUP
START GROUP
LOAD i:/software_install/siliconlabs/simplicitystudio/v5/developer/toolchains/gnu_arm/10.2_2020q4/bin/../lib/gcc/arm-none-eabi/10.2.1/thumb/v7e-m+fp/softfp\libgcc.a
LOAD i:/software_install/siliconlabs/simplicitystudio/v5/developer/toolchains/gnu_arm/10.2_2020q4/bin/../lib/gcc/arm-none-eabi/10.2.1/../../../../arm-none-eabi/lib/thumb/v7e-m+fp/softfp\libc_nano.a
END GROUP
LOAD i:/software_install/siliconlabs/simplicitystudio/v5/developer/toolchains/gnu_arm/10.2_2020q4/bin/../lib/gcc/arm-none-eabi/10.2.1/thumb/v7e-m+fp/softfp/crtend.o
LOAD i:/software_install/siliconlabs/simplicitystudio/v5/developer/toolchains/gnu_arm/10.2_2020q4/bin/../lib/gcc/arm-none-eabi/10.2.1/thumb/v7e-m+fp/softfp/crtn.o

.text           0x00000000     0x154c
 *(.vectors)
 .vectors       0x00000000       0xfc ./CMSIS/EFR32BG13P/startup_efr32bg13p.o
                0x00000000                __Vectors
                0x000000fc                __Vectors_End = .
                0x000000fc                __Vectors_Size = (__Vectors_End - __Vectors)
                0x200000a0                __end__ = .
 *(.text*)
 .text          0x000000fc       0x40 i:/software_install/siliconlabs/simplicitystudio/v5/developer/toolchains/gnu_arm/10.2_2020q4/bin/../lib/gcc/arm-none-eabi/10.2.1/thumb/v7e-m+fp/softfp/crtbegin.o
 .text          0x0000013c       0x7c i:/software_install/siliconlabs/simplicitystudio/v5/developer/toolchains/gnu_arm/10.2_2020q4/bin/../lib/gcc/arm-none-eabi/10.2.1/../../../../arm-none-eabi/lib/thumb/v7e-m+fp/softfp/crt0.o
                0x0000013c                _stack_init
                0x00000144                _start
                0x00000144                _mainCRTStartup
 .text          0x000001b8       0x30 ./CMSIS/EFR32BG13P/startup_efr32bg13p.o
                0x000001b8                Reset_Handler
                0x000001e4                USART0_TX_IRQHandler
                0x000001e4                PRORTC_IRQHandler
                0x000001e4                I2C0_IRQHandler
                0x000001e4                HardFault_Handler
                0x000001e4                SysTick_Handler
                0x000001e4                USART1_RX_IRQHandler
                0x000001e4                PendSV_Handler
                0x000001e4                NMI_Handler
                0x000001e4                SYNTH_IRQHandler
                0x000001e4                I2C1_IRQHandler
                0x000001e4                WTIMER0_IRQHandler
                0x000001e4                CRYPTO0_IRQHandler
                0x000001e4                WDOG0_IRQHandler
                0x000001e4                USART1_TX_IRQHandler
                0x000001e4                SMU_IRQHandler
                0x000001e4                MSC_IRQHandler
                0x000001e4                UsageFault_Handler
                0x000001e4                WDOG1_IRQHandler
                0x000001e4                LEUART0_IRQHandler
                0x000001e4                FPUEH_IRQHandler
                0x000001e4                GPIO_EVEN_IRQHandler
                0x000001e4                VDAC0_IRQHandler
                0x000001e4                LDMA_IRQHandler
                0x000001e4                CSEN_IRQHandler
                0x000001e4                CRYPTO1_IRQHandler
                0x000001e4                TIMER0_IRQHandler
                0x000001e4                DebugMon_Handler
                0x000001e4                LETIMER0_IRQHandler
                0x000001e4                TIMER1_IRQHandler
                0x000001e4                TRNG0_IRQHandler
                0x000001e4                RFSENSE_IRQHandler
                0x000001e4                BUFC_IRQHandler
                0x000001e4                MODEM_IRQHandler
                0x000001e4                USART2_RX_IRQHandler
                0x000001e4                Default_Handler
                0x000001e4                RAC_SEQ_IRQHandler
                0x000001e4                FRC_PRI_IRQHandler
                0x000001e4                EMU_IRQHandler
                0x000001e4                FRC_IRQHandler
                0x000001e4                CRYOTIMER_IRQHandler
                0x000001e4                PCNT0_IRQHandler
                0x000001e4                AGC_IRQHandler
                0x000001e4                sl_app_properties
                0x000001e4                ACMP0_IRQHandler
                0x000001e4                USART0_RX_IRQHandler
                0x000001e4                MemManage_Handler
                0x000001e4                SVC_Handler
                0x000001e4                RTCC_IRQHandler
                0x000001e4                CMU_IRQHandler
                0x000001e4                RAC_RSM_IRQHandler
                0x000001e4                LESENSE_IRQHandler
                0x000001e4                GPIO_ODD_IRQHandler
                0x000001e4                PROTIMER_IRQHandler
                0x000001e4                BusFault_Handler
                0x000001e4                USART2_TX_IRQHandler
                0x000001e4                IDAC0_IRQHandler
 .text.SystemHFClockGet
                0x000001e8       0x88 ./CMSIS/EFR32BG13P/system_efr32bg13p.o
                0x000001e8                SystemHFClockGet
 .text.SystemHFXOClockGet
                0x00000270       0x18 ./CMSIS/EFR32BG13P/system_efr32bg13p.o
                0x00000270                SystemHFXOClockGet
 .text.SystemInit
                0x00000288       0x2c ./CMSIS/EFR32BG13P/system_efr32bg13p.o
                0x00000288                SystemInit
 .text.SystemLFRCOClockGet
                0x000002b4       0x12 ./CMSIS/EFR32BG13P/system_efr32bg13p.o
                0x000002b4                SystemLFRCOClockGet
 .text.SystemULFRCOClockGet
                0x000002c6       0x12 ./CMSIS/EFR32BG13P/system_efr32bg13p.o
                0x000002c6                SystemULFRCOClockGet
 .text.SystemLFXOClockGet
                0x000002d8       0x18 ./CMSIS/EFR32BG13P/system_efr32bg13p.o
                0x000002d8                SystemLFXOClockGet
 .text.BUS_RegBitWrite
                0x000002f0       0x32 ./emlib/em_adc.o
 .text.BUS_RegMaskedWrite
                0x00000322       0x36 ./emlib/em_adc.o
 .text.ADC_LoadDevinfoCal
                0x00000358      0x1d4 ./emlib/em_adc.o
 .text.ADC_Init
                0x0000052c       0xd4 ./emlib/em_adc.o
                0x0000052c                ADC_Init
 .text.ADC_InitSingle
                0x00000600      0x136 ./emlib/em_adc.o
                0x00000600                ADC_InitSingle
 *fill*         0x00000736        0x2 
 .text.ADC_PrescaleCalc
                0x00000738       0x70 ./emlib/em_adc.o
                0x00000738                ADC_PrescaleCalc
 .text.ADC_TimebaseCalc
                0x000007a8       0x50 ./emlib/em_adc.o
                0x000007a8                ADC_TimebaseCalc
 .text.SL_Log2ToDiv
                0x000007f8       0x1c ./emlib/em_cmu.o
 .text.BUS_RegBitWrite
                0x00000814       0x32 ./emlib/em_cmu.o
 *fill*         0x00000846        0x2 
 .text.auxClkGet
                0x00000848       0x20 ./emlib/em_cmu.o
 .text.hfSrcClkGet
                0x00000868       0x2c ./emlib/em_cmu.o
 .text.dbgClkGet
                0x00000894       0x40 ./emlib/em_cmu.o
 .text.adcAsyncClkGet
                0x000008d4       0x80 ./emlib/em_cmu.o
 .text.lfClkGet
                0x00000954      0x11c ./emlib/em_cmu.o
 .text.syncReg  0x00000a70       0x38 ./emlib/em_cmu.o
 .text.CMU_ClockDivGet
                0x00000aa8       0x1a ./emlib/em_cmu.o
                0x00000aa8                CMU_ClockDivGet
 *fill*         0x00000ac2        0x2 
 .text.CMU_ClockEnable
                0x00000ac4       0xcc ./emlib/em_cmu.o
                0x00000ac4                CMU_ClockEnable
 .text.CMU_ClockFreqGet
                0x00000b90      0x284 ./emlib/em_cmu.o
                0x00000b90                CMU_ClockFreqGet
 .text.CMU_ClockPrescGet
                0x00000e14      0x198 ./emlib/em_cmu.o
                0x00000e14                CMU_ClockPrescGet
 .text.CMU_ClockSelectGet
                0x00000fac      0x200 ./emlib/em_cmu.o
                0x00000fac                CMU_ClockSelectGet
 .text.CORE_EnterCritical
                0x000011ac       0x22 ./emlib/em_core.o
                0x000011ac                CORE_EnterCritical
 .text.CORE_ExitCritical
                0x000011ce       0x1e ./emlib/em_core.o
                0x000011ce                CORE_ExitCritical
 .text.SYSTEM_ChipRevisionGet
                0x000011ec       0x78 ./emlib/em_system.o
                0x000011ec                SYSTEM_ChipRevisionGet
 .text.__NVIC_EnableIRQ
                0x00001264       0x3c ./src/main_s1.o
 .text.__NVIC_ClearPendingIRQ
                0x000012a0       0x3c ./src/main_s1.o
 .text.CHIP_Init
                0x000012dc       0x80 ./src/main_s1.o
 .text.ADC_DataSingleGet
                0x0000135c       0x18 ./src/main_s1.o
 .text.ADC_IntEnable
                0x00001374       0x22 ./src/main_s1.o
 .text.ADC_Start
                0x00001396       0x1e ./src/main_s1.o
 .text.initADC  0x000013b4       0x9c ./src/main_s1.o
                0x000013b4                initADC
 .text.ADC0_IRQHandler
                0x00001450       0x3c ./src/main_s1.o
                0x00001450                ADC0_IRQHandler
 .text.main     0x0000148c       0x1c ./src/main_s1.o
                0x0000148c                main
 .text.exit     0x000014a8       0x28 i:/software_install/siliconlabs/simplicitystudio/v5/developer/toolchains/gnu_arm/10.2_2020q4/bin/../lib/gcc/arm-none-eabi/10.2.1/../../../../arm-none-eabi/lib/thumb/v7e-m+fp/softfp\libc_nano.a(lib_a-exit.o)
                0x000014a8                exit
 .text.__libc_init_array
                0x000014d0       0x48 i:/software_install/siliconlabs/simplicitystudio/v5/developer/toolchains/gnu_arm/10.2_2020q4/bin/../lib/gcc/arm-none-eabi/10.2.1/../../../../arm-none-eabi/lib/thumb/v7e-m+fp/softfp\libc_nano.a(lib_a-init.o)
                0x000014d0                __libc_init_array
 .text.memset   0x00001518       0x10 i:/software_install/siliconlabs/simplicitystudio/v5/developer/toolchains/gnu_arm/10.2_2020q4/bin/../lib/gcc/arm-none-eabi/10.2.1/../../../../arm-none-eabi/lib/thumb/v7e-m+fp/softfp\libc_nano.a(lib_a-memset.o)
                0x00001518                memset
 .text._exit    0x00001528        0x4 i:/software_install/siliconlabs/simplicitystudio/v5/developer/toolchains/gnu_arm/10.2_2020q4/bin/../lib/gcc/arm-none-eabi/10.2.1/../../../../arm-none-eabi/lib/thumb/v7e-m+fp/softfp\libnosys.a(_exit.o)
                0x00001528                _exit
 *(.init)
 .init          0x0000152c        0x4 i:/software_install/siliconlabs/simplicitystudio/v5/developer/toolchains/gnu_arm/10.2_2020q4/bin/../lib/gcc/arm-none-eabi/10.2.1/thumb/v7e-m+fp/softfp/crti.o
                0x0000152c                _init
 .init          0x00001530        0x8 i:/software_install/siliconlabs/simplicitystudio/v5/developer/toolchains/gnu_arm/10.2_2020q4/bin/../lib/gcc/arm-none-eabi/10.2.1/thumb/v7e-m+fp/softfp/crtn.o
 *(.fini)
 .fini          0x00001538        0x4 i:/software_install/siliconlabs/simplicitystudio/v5/developer/toolchains/gnu_arm/10.2_2020q4/bin/../lib/gcc/arm-none-eabi/10.2.1/thumb/v7e-m+fp/softfp/crti.o
                0x00001538                _fini
 .fini          0x0000153c        0x8 i:/software_install/siliconlabs/simplicitystudio/v5/developer/toolchains/gnu_arm/10.2_2020q4/bin/../lib/gcc/arm-none-eabi/10.2.1/thumb/v7e-m+fp/softfp/crtn.o
 *crtbegin.o(.ctors)
 *crtbegin?.o(.ctors)
 *(EXCLUDE_FILE(*crtend.o *crtend?.o) .ctors)
 *(SORT_BY_NAME(.ctors.*))
 *(.ctors)
 *crtbegin.o(.dtors)
 *crtbegin?.o(.dtors)
 *(EXCLUDE_FILE(*crtend.o *crtend?.o) .dtors)
 *(SORT_BY_NAME(.dtors.*))
 *(.dtors)
 *(.rodata*)
 .rodata._global_impure_ptr
                0x00001544        0x4 i:/software_install/siliconlabs/simplicitystudio/v5/developer/toolchains/gnu_arm/10.2_2020q4/bin/../lib/gcc/arm-none-eabi/10.2.1/../../../../arm-none-eabi/lib/thumb/v7e-m+fp/softfp\libc_nano.a(lib_a-impure.o)
                0x00001544                _global_impure_ptr
 *(.eh_frame*)
 .eh_frame      0x00001548        0x0 i:/software_install/siliconlabs/simplicitystudio/v5/developer/toolchains/gnu_arm/10.2_2020q4/bin/../lib/gcc/arm-none-eabi/10.2.1/thumb/v7e-m+fp/softfp/crtbegin.o
 .eh_frame      0x00001548        0x4 i:/software_install/siliconlabs/simplicitystudio/v5/developer/toolchains/gnu_arm/10.2_2020q4/bin/../lib/gcc/arm-none-eabi/10.2.1/thumb/v7e-m+fp/softfp/crtend.o

.glue_7         0x0000154c        0x0
 .glue_7        0x0000154c        0x0 linker stubs

.glue_7t        0x0000154c        0x0
 .glue_7t       0x0000154c        0x0 linker stubs

.vfp11_veneer   0x0000154c        0x0
 .vfp11_veneer  0x0000154c        0x0 linker stubs

.v4_bx          0x0000154c        0x0
 .v4_bx         0x0000154c        0x0 linker stubs

.iplt           0x0000154c        0x0
 .iplt          0x0000154c        0x0 i:/software_install/siliconlabs/simplicitystudio/v5/developer/toolchains/gnu_arm/10.2_2020q4/bin/../lib/gcc/arm-none-eabi/10.2.1/thumb/v7e-m+fp/softfp/crtbegin.o

.ARM.extab
 *(.ARM.extab* .gnu.linkonce.armextab.*)
                0x0000154c                __exidx_start = .

.ARM.exidx      0x0000154c        0x8
 *(.ARM.exidx* .gnu.linkonce.armexidx.*)
 .ARM.exidx     0x0000154c        0x8 i:/software_install/siliconlabs/simplicitystudio/v5/developer/toolchains/gnu_arm/10.2_2020q4/bin/../lib/gcc/arm-none-eabi/10.2.1/../../../../arm-none-eabi/lib/thumb/v7e-m+fp/softfp/crt0.o
                                 0x10 (size before relaxing)
                0x00001554                __exidx_end = .
                0x00001554                __etext = .

.rel.dyn        0x00001554        0x0
 .rel.iplt      0x00001554        0x0 i:/software_install/siliconlabs/simplicitystudio/v5/developer/toolchains/gnu_arm/10.2_2020q4/bin/../lib/gcc/arm-none-eabi/10.2.1/thumb/v7e-m+fp/softfp/crtbegin.o

.data           0x20000000       0x78 load address 0x00001554
                0x20000000                __data_start__ = .
 *(vtable)
 *(.data*)
 .data.SystemHFXOClock
                0x20000000        0x4 ./CMSIS/EFR32BG13P/system_efr32bg13p.o
 .data.SystemLFXOClock
                0x20000004        0x4 ./CMSIS/EFR32BG13P/system_efr32bg13p.o
 .data.SystemHfrcoFreq
                0x20000008        0x4 ./CMSIS/EFR32BG13P/system_efr32bg13p.o
                0x20000008                SystemHfrcoFreq
 .data.auxHfrcoFreq
                0x2000000c        0x4 ./emlib/em_cmu.o
 .data.impure_data
                0x20000010       0x60 i:/software_install/siliconlabs/simplicitystudio/v5/developer/toolchains/gnu_arm/10.2_2020q4/bin/../lib/gcc/arm-none-eabi/10.2.1/../../../../arm-none-eabi/lib/thumb/v7e-m+fp/softfp\libc_nano.a(lib_a-impure.o)
                0x20000070                . = ALIGN (0x4)
 *(.ram)
                0x20000070                . = ALIGN (0x4)
                0x20000070                PROVIDE (__preinit_array_start = .)
 *(.preinit_array)
                0x20000070                PROVIDE (__preinit_array_end = .)
                0x20000070                . = ALIGN (0x4)
                0x20000070                PROVIDE (__init_array_start = .)
 *(SORT_BY_NAME(.init_array.*))
 *(.init_array)
 .init_array    0x20000070        0x4 i:/software_install/siliconlabs/simplicitystudio/v5/developer/toolchains/gnu_arm/10.2_2020q4/bin/../lib/gcc/arm-none-eabi/10.2.1/thumb/v7e-m+fp/softfp/crtbegin.o
                0x20000074                PROVIDE (__init_array_end = .)
                0x20000074                . = ALIGN (0x4)
                [!provide]                PROVIDE (__fini_array_start = .)
 *(SORT_BY_NAME(.fini_array.*))
 *(.fini_array)
 .fini_array    0x20000074        0x4 i:/software_install/siliconlabs/simplicitystudio/v5/developer/toolchains/gnu_arm/10.2_2020q4/bin/../lib/gcc/arm-none-eabi/10.2.1/thumb/v7e-m+fp/softfp/crtbegin.o
                [!provide]                PROVIDE (__fini_array_end = .)
 *(.jcr*)
                0x20000078                . = ALIGN (0x4)
                0x20000078                __data_end__ = .

.igot.plt       0x20000078        0x0 load address 0x000015cc
 .igot.plt      0x20000078        0x0 i:/software_install/siliconlabs/simplicitystudio/v5/developer/toolchains/gnu_arm/10.2_2020q4/bin/../lib/gcc/arm-none-eabi/10.2.1/thumb/v7e-m+fp/softfp/crtbegin.o

.bss            0x20000078       0x24 load address 0x000015cc
                0x20000078                . = ALIGN (0x4)
                0x20000078                __bss_start__ = .
 *(.bss*)
 .bss           0x20000078       0x1c i:/software_install/siliconlabs/simplicitystudio/v5/developer/toolchains/gnu_arm/10.2_2020q4/bin/../lib/gcc/arm-none-eabi/10.2.1/thumb/v7e-m+fp/softfp/crtbegin.o
 .bss.sample    0x20000094        0x4 ./src/main_s1.o
                0x20000094                sample
 .bss.millivolts
                0x20000098        0x4 ./src/main_s1.o
                0x20000098                millivolts
 *(COMMON)
                0x2000009c                . = ALIGN (0x4)
                0x2000009c                __bss_end__ = .

.heap           0x200000a0      0xc00
                0x200000a0                __HeapBase = .
                0x200000a0                __end__ = .
                0x200000a0                end = __end__
                0x200000a0                _end = __end__
 *(.heap*)
 .heap          0x200000a0      0xc00 ./CMSIS/EFR32BG13P/startup_efr32bg13p.o
                0x20000ca0                __HeapLimit = .

.stack_dummy    0x200000a0      0x400
 *(.stack*)
 .stack         0x200000a0      0x400 ./CMSIS/EFR32BG13P/startup_efr32bg13p.o
                0x20010000                __StackTop = (ORIGIN (RAM) + LENGTH (RAM))
                0x2000fc00                __StackLimit = (__StackTop - SIZEOF (.stack_dummy))
                0x20010000                PROVIDE (__stack = __StackTop)
                0x00000001                ASSERT ((__StackLimit >= __HeapLimit), region RAM overflowed with stack)
                0x00000001                ASSERT ((LENGTH (FLASH) >= (__etext + SIZEOF (.data))), FLASH memory overflowed !)
OUTPUT(BRD4104A_EFR32BG13P_adc_single_interrupt.axf elf32-littlearm)
LOAD linker stubs

.ARM.attributes
                0x00000000       0x2e
 .ARM.attributes
                0x00000000       0x1e i:/software_install/siliconlabs/simplicitystudio/v5/developer/toolchains/gnu_arm/10.2_2020q4/bin/../lib/gcc/arm-none-eabi/10.2.1/thumb/v7e-m+fp/softfp/crti.o
 .ARM.attributes
                0x0000001e       0x32 i:/software_install/siliconlabs/simplicitystudio/v5/developer/toolchains/gnu_arm/10.2_2020q4/bin/../lib/gcc/arm-none-eabi/10.2.1/thumb/v7e-m+fp/softfp/crtbegin.o
 .ARM.attributes
                0x00000050       0x1c i:/software_install/siliconlabs/simplicitystudio/v5/developer/toolchains/gnu_arm/10.2_2020q4/bin/../lib/gcc/arm-none-eabi/10.2.1/../../../../arm-none-eabi/lib/thumb/v7e-m+fp/softfp/crt0.o
 .ARM.attributes
                0x0000006c       0x1f ./CMSIS/EFR32BG13P/startup_efr32bg13p.o
 .ARM.attributes
                0x0000008b       0x32 ./CMSIS/EFR32BG13P/system_efr32bg13p.o
 .ARM.attributes
                0x000000bd       0x32 ./emlib/em_adc.o
 .ARM.attributes
                0x000000ef       0x32 ./emlib/em_cmu.o
 .ARM.attributes
                0x00000121       0x32 ./emlib/em_core.o
 .ARM.attributes
                0x00000153       0x32 ./emlib/em_system.o
 .ARM.attributes
                0x00000185       0x32 ./src/main_s1.o
 .ARM.attributes
                0x000001b7       0x32 i:/software_install/siliconlabs/simplicitystudio/v5/developer/toolchains/gnu_arm/10.2_2020q4/bin/../lib/gcc/arm-none-eabi/10.2.1/../../../../arm-none-eabi/lib/thumb/v7e-m+fp/softfp\libc_nano.a(lib_a-exit.o)
 .ARM.attributes
                0x000001e9       0x30 i:/software_install/siliconlabs/simplicitystudio/v5/developer/toolchains/gnu_arm/10.2_2020q4/bin/../lib/gcc/arm-none-eabi/10.2.1/../../../../arm-none-eabi/lib/thumb/v7e-m+fp/softfp\libc_nano.a(lib_a-impure.o)
 .ARM.attributes
                0x00000219       0x32 i:/software_install/siliconlabs/simplicitystudio/v5/developer/toolchains/gnu_arm/10.2_2020q4/bin/../lib/gcc/arm-none-eabi/10.2.1/../../../../arm-none-eabi/lib/thumb/v7e-m+fp/softfp\libc_nano.a(lib_a-init.o)
 .ARM.attributes
                0x0000024b       0x32 i:/software_install/siliconlabs/simplicitystudio/v5/developer/toolchains/gnu_arm/10.2_2020q4/bin/../lib/gcc/arm-none-eabi/10.2.1/../../../../arm-none-eabi/lib/thumb/v7e-m+fp/softfp\libc_nano.a(lib_a-memset.o)
 .ARM.attributes
                0x0000027d       0x32 i:/software_install/siliconlabs/simplicitystudio/v5/developer/toolchains/gnu_arm/10.2_2020q4/bin/../lib/gcc/arm-none-eabi/10.2.1/../../../../arm-none-eabi/lib/thumb/v7e-m+fp/softfp\libnosys.a(_exit.o)
 .ARM.attributes
                0x000002af       0x30 i:/software_install/siliconlabs/simplicitystudio/v5/developer/toolchains/gnu_arm/10.2_2020q4/bin/../lib/gcc/arm-none-eabi/10.2.1/thumb/v7e-m+fp/softfp/crtend.o
 .ARM.attributes
                0x000002df       0x1e i:/software_install/siliconlabs/simplicitystudio/v5/developer/toolchains/gnu_arm/10.2_2020q4/bin/../lib/gcc/arm-none-eabi/10.2.1/thumb/v7e-m+fp/softfp/crtn.o

.comment        0x00000000       0x4d
 .comment       0x00000000       0x4d ./CMSIS/EFR32BG13P/system_efr32bg13p.o
                                 0x4e (size before relaxing)
 .comment       0x0000004d       0x4e ./emlib/em_adc.o
 .comment       0x0000004d       0x4e ./emlib/em_cmu.o
 .comment       0x0000004d       0x4e ./emlib/em_core.o
 .comment       0x0000004d       0x4e ./emlib/em_system.o
 .comment       0x0000004d       0x4e ./src/main_s1.o

.debug_line     0x00000000     0x36e8
 .debug_line    0x00000000       0xea ./CMSIS/EFR32BG13P/startup_efr32bg13p.o
 .debug_line    0x000000ea      0x459 ./CMSIS/EFR32BG13P/system_efr32bg13p.o
 .debug_line    0x00000543      0x86f ./emlib/em_adc.o
 .debug_line    0x00000db2     0x1834 ./emlib/em_cmu.o
 .debug_line    0x000025e6      0x8db ./emlib/em_core.o
 .debug_line    0x00002ec1      0x37b ./emlib/em_system.o
 .debug_line    0x0000323c      0x4ac ./src/main_s1.o

.debug_info     0x00000000     0x763b
 .debug_info    0x00000000       0x26 ./CMSIS/EFR32BG13P/startup_efr32bg13p.o
 .debug_info    0x00000026      0xa55 ./CMSIS/EFR32BG13P/system_efr32bg13p.o
 .debug_info    0x00000a7b     0x1c9e ./emlib/em_adc.o
 .debug_info    0x00002719     0x27b5 ./emlib/em_cmu.o
 .debug_info    0x00004ece      0xda0 ./emlib/em_core.o
 .debug_info    0x00005c6e      0x2d4 ./emlib/em_system.o
 .debug_info    0x00005f42     0x16f9 ./src/main_s1.o

.debug_abbrev   0x00000000      0xdc8
 .debug_abbrev  0x00000000       0x14 ./CMSIS/EFR32BG13P/startup_efr32bg13p.o
 .debug_abbrev  0x00000014      0x1e1 ./CMSIS/EFR32BG13P/system_efr32bg13p.o
 .debug_abbrev  0x000001f5      0x265 ./emlib/em_adc.o
 .debug_abbrev  0x0000045a      0x391 ./emlib/em_cmu.o
 .debug_abbrev  0x000007eb      0x256 ./emlib/em_core.o
 .debug_abbrev  0x00000a41      0x12a ./emlib/em_system.o
 .debug_abbrev  0x00000b6b      0x25d ./src/main_s1.o

.debug_aranges  0x00000000      0x460
 .debug_aranges
                0x00000000       0x20 ./CMSIS/EFR32BG13P/startup_efr32bg13p.o
 .debug_aranges
                0x00000020       0x68 ./CMSIS/EFR32BG13P/system_efr32bg13p.o
 .debug_aranges
                0x00000088       0x80 ./emlib/em_adc.o
 .debug_aranges
                0x00000108      0x1e0 ./emlib/em_cmu.o
 .debug_aranges
                0x000002e8       0xe8 ./emlib/em_core.o
 .debug_aranges
                0x000003d0       0x30 ./emlib/em_system.o
 .debug_aranges
                0x00000400       0x60 ./src/main_s1.o

.debug_str      0x00000000     0x4afa
 .debug_str     0x00000000      0x136 ./CMSIS/EFR32BG13P/startup_efr32bg13p.o
 .debug_str     0x00000136      0x659 ./CMSIS/EFR32BG13P/system_efr32bg13p.o
                                0x742 (size before relaxing)
 .debug_str     0x0000078f     0x2a05 ./emlib/em_adc.o
                               0x2d25 (size before relaxing)
 .debug_str     0x00003194     0x1022 ./emlib/em_cmu.o
                               0x1b3e (size before relaxing)
 .debug_str     0x000041b6      0x665 ./emlib/em_core.o
                                0x944 (size before relaxing)
 .debug_str     0x0000481b      0x1e6 ./emlib/em_system.o
                                0x430 (size before relaxing)
 .debug_str     0x00004a01       0xf9 ./src/main_s1.o
                               0x2a7e (size before relaxing)

.debug_loc      0x00000000     0x257c
 .debug_loc     0x00000000      0x2e4 ./CMSIS/EFR32BG13P/system_efr32bg13p.o
 .debug_loc     0x000002e4      0x44c ./emlib/em_adc.o
 .debug_loc     0x00000730     0x11e8 ./emlib/em_cmu.o
 .debug_loc     0x00001918      0x88c ./emlib/em_core.o
 .debug_loc     0x000021a4      0x114 ./emlib/em_system.o
 .debug_loc     0x000022b8      0x2c4 ./src/main_s1.o

.debug_ranges   0x00000000      0x3e0
 .debug_ranges  0x00000000       0x58 ./CMSIS/EFR32BG13P/system_efr32bg13p.o
 .debug_ranges  0x00000058       0x70 ./emlib/em_adc.o
 .debug_ranges  0x000000c8      0x1d0 ./emlib/em_cmu.o
 .debug_ranges  0x00000298       0xd8 ./emlib/em_core.o
 .debug_ranges  0x00000370       0x20 ./emlib/em_system.o
 .debug_ranges  0x00000390       0x50 ./src/main_s1.o

.debug_frame    0x00000000     0x11e8
 .debug_frame   0x00000000      0x164 ./CMSIS/EFR32BG13P/system_efr32bg13p.o
 .debug_frame   0x00000164      0x1f8 ./emlib/em_adc.o
 .debug_frame   0x0000035c      0x83c ./emlib/em_cmu.o
 .debug_frame   0x00000b98      0x3dc ./emlib/em_core.o
 .debug_frame   0x00000f74       0x88 ./emlib/em_system.o
 .debug_frame   0x00000ffc      0x158 ./src/main_s1.o
 .debug_frame   0x00001154       0x28 i:/software_install/siliconlabs/simplicitystudio/v5/developer/toolchains/gnu_arm/10.2_2020q4/bin/../lib/gcc/arm-none-eabi/10.2.1/../../../../arm-none-eabi/lib/thumb/v7e-m+fp/softfp\libc_nano.a(lib_a-exit.o)
 .debug_frame   0x0000117c       0x2c i:/software_install/siliconlabs/simplicitystudio/v5/developer/toolchains/gnu_arm/10.2_2020q4/bin/../lib/gcc/arm-none-eabi/10.2.1/../../../../arm-none-eabi/lib/thumb/v7e-m+fp/softfp\libc_nano.a(lib_a-init.o)
 .debug_frame   0x000011a8       0x20 i:/software_install/siliconlabs/simplicitystudio/v5/developer/toolchains/gnu_arm/10.2_2020q4/bin/../lib/gcc/arm-none-eabi/10.2.1/../../../../arm-none-eabi/lib/thumb/v7e-m+fp/softfp\libc_nano.a(lib_a-memset.o)
 .debug_frame   0x000011c8       0x20 i:/software_install/siliconlabs/simplicitystudio/v5/developer/toolchains/gnu_arm/10.2_2020q4/bin/../lib/gcc/arm-none-eabi/10.2.1/../../../../arm-none-eabi/lib/thumb/v7e-m+fp/softfp\libnosys.a(_exit.o)
